python : Traceback (most recent call last):
위치 줄:1 문자:136
+ ... A_PASSWORD='rmflemdls!2015'; python test_login_simple.py 2>&1 | Tee-O ...
+                                  ~~~~~~~~~~~~~~~~~~~~~~~~~~~~~~~~
    + CategoryInfo          : NotSpecified: (Traceback (most recent call last)::String) [], RemoteException
    + FullyQualifiedErrorId : NativeCommandError
 
  File "C:\Users\HP\Desktop\hotel-code\hotel-adjustment-compare\expedia_downloader.py", line 383, in get_statement_list
    print(f"  \u2713 {len(statements)}개 명세서 발견 (결제 명세서)")
    ~~~~~^^^^^^^^^^^^^^^^^^^^^^^^^^^^^^^^^^^^^^^^^^^^^^^^^^^^^^
UnicodeEncodeError: 'cp949' codec can't encode character '\u2713' in position 2: illegal multibyte sequence
환경변수 확인:
  EXPEDIA_USERNAME: gridinn
  EXPEDIA_PASSWORD: **************

[테스트] 로그인 및 명세서 다운로드
================================================================================
Chrome 드라이버 자동 설치 및 설정 완료
Chrome 드라이버 설정 완료

드라이버 설정 완료. 로그인 시도...

[로그인] https://www.expediapartnercentral.com/Account/Logon?signedOff=true

[쿠키] 31개 쿠키 로드됨

[시도] 저장된 쿠키로 로그인...
  31/31 쿠키 로드 완료
  명세서 페이지로 이동 중...
  현재 URL: https://apps.expediapartnercentral.com/lodging/accounting/statementsAndInvoices.html?htid=17300293&tab=invoices
  [SUCCESS] 저장된 쿠키로 로그인 성공

[SUCCESS] 로그인 성공!

[명세서] 페이지로 이동 중...

[이동] 명세서 페이지
  명세서 탭 발견, 클릭 중...
  명세서 페이지 로드 완료

페이지 HTML 저장: page_source_statements.html
페이지 크기: 4566902 bytes

[조회] 명세서 목록 조회 중...

[조회] 명세서 목록
  [ERROR] 명세서 목록 조회 오류: 'cp949' codec can't encode character '\u2713' in position 2: illegal multibyte sequence

[FAILED] 명세서를 찾을 수 없습니다

10초 후 브라우저를 닫습니다...

브라우저 종료

테스트 완료
